#include "pomp_lib.h"

struct ompregdescr omp_rd_3 = {
  "parallel", "", 0, "test2.f90", 4, 4, 54, 54
};

#define POMP_DLIST_00003 shared(omp_rd_3,omp_rd_4,omp_rd_5,omp_rd_6,omp_rd_7,omp_rd_8,omp_rd_9,omp_rd_10,omp_rd_11,omp_rd_12,omp_rd_13)

struct ompregdescr omp_rd_4 = {
  "do", "", 0, "test2.f90", 6, 6, 10, 10
};

struct ompregdescr omp_rd_5 = {
  "barrier", "", 0, "test2.f90", 12, 12, 0, 0
};

struct ompregdescr omp_rd_6 = {
  "do", "", 0, "test2.f90", 14, 14, 18, 18
};

struct ompregdescr omp_rd_7 = {
  "sections", "", 2, "test2.f90", 20, 20, 25, 25
};

struct ompregdescr omp_rd_8 = {
  "master", "", 0, "test2.f90", 27, 27, 29, 29
};

struct ompregdescr omp_rd_9 = {
  "critical", "", 0, "test2.f90", 31, 31, 33, 33
};

struct ompregdescr omp_rd_10 = {
  "critical", "foobar", 0, "test2.f90", 35, 35, 37, 37
};

struct ompregdescr omp_rd_11 = {
  "atomic", "", 0, "test2.f90", 39, 39, 41, 41
};

struct ompregdescr omp_rd_12 = {
  "single", "", 0, "test2.f90", 43, 43, 45, 45
};

struct ompregdescr omp_rd_13 = {
  "sections", "", 2, "test2.f90", 47, 47, 52, 52
};

struct ompregdescr omp_rd_14 = {
  "paralleldo", "", 0, "test2.f90", 58, 58, 62, 62
};

#define POMP_DLIST_00014 shared(omp_rd_14)

struct ompregdescr omp_rd_15 = {
  "parallelsections", "", 2, "test2.f90", 66, 66, 71, 71
};

#define POMP_DLIST_00015 shared(omp_rd_15)

