#include "pomp_lib.h"

struct ompregdescr omp_rd_44 = {
  "parallel", "", 0, "testE.c", 6, 6, 40, 40
};

#define POMP_DLIST_00044 shared(omp_rd_44,omp_rd_45,omp_rd_46,omp_rd_47,omp_rd_48,omp_rd_49)

struct ompregdescr omp_rd_45 = {
  "for", "", 0, "testE.c", 8, 8, 13, 13
};

struct ompregdescr omp_rd_46 = {
  "for", "", 0, "testE.c", 15, 15, 22, 22
};

struct ompregdescr omp_rd_47 = {
  "for", "", 0, "testE.c", 24, 24, 27, 27
};

struct ompregdescr omp_rd_48 = {
  "for", "", 0, "testE.c", 29, 29, 33, 33
};

struct ompregdescr omp_rd_49 = {
  "for", "", 0, "testE.c", 35, 35, 39, 39
};

