#include "pomp_lib.h"

struct ompregdescr omp_rd_22 = {
  "region", "foo", 0, "test8.c", 8, 8, 13, 13
};

struct ompregdescr omp_rd_23 = {
  "parallel", "", 0, "test8.c", 10, 10, 11, 11
};

#define POMP_DLIST_00023 shared(omp_rd_23)

