#include "pomp_lib.h"

struct ompregdescr omp_rd_46 = {
  "parallel", "", 0, "test1.f", 4, 4, 9, 11
};

#define POMP_DLIST_00046 shared(omp_rd_46,omp_rd_47,omp_rd_48)

struct ompregdescr omp_rd_47 = {
  "barrier", "", 0, "test1.f", 5, 5, 0, 0
};

struct ompregdescr omp_rd_48 = {
  "barrier", "", 0, "test1.f", 6, 6, 0, 0
};

struct ompregdescr omp_rd_49 = {
  "atomic", "", 0, "test1.f", 12, 12, 13, 13
};

struct ompregdescr omp_rd_50 = {
  "parallel", "", 0, "test1.f", 14, 15, 17, 18
};

#define POMP_DLIST_00050 shared(omp_rd_50)

