#include "pomp_lib.h"

struct ompregdescr omp_rd_37 = {
  "region", "foo", 0, "testD.f90", 5, 5, 27, 27
};

struct ompregdescr omp_rd_38 = {
  "parallel", "", 0, "testD.f90", 12, 12, 20, 20
};

#define POMP_DLIST_00038 shared(omp_rd_38,omp_rd_39,omp_rd_40)

struct ompregdescr omp_rd_39 = {
  "region", "phase1", 0, "testD.f90", 14, 14, 18, 18
};

struct ompregdescr omp_rd_40 = {
  "barrier", "", 0, "testD.f90", 16, 16, 0, 0
};

